// Jest Snapshot v1, https://goo.gl/fbAQLP

exports[`renders correctly 1`] = `
<DocumentFragment>
  <h1>
    Hello, react!
  </h1>
</DocumentFragment>
`;
